let i'_6 = 1;
let k_7 = 1 * 2;
assert k_3 == (i'_1 * 2);
let k_8 = 1 * 3;
assert k_3 == (i'_1 * 3);
let p_9 = 1;
let p_10 = p_4 * 1;
let p_11 = p_4 * 2;
let i'_12 = 2;
let k_13 = 2 * 2;
assert k_3 == (i'_1 * 2);
let k_14 = 2 * 3;
assert k_3 == (i'_1 * 3);
let p_15 = 2;
let p_16 = p_4 * 1;
let p_17 = p_4 * 2;
