[ELet (UniVar {_uniVarUni = Field, _uniVarVar = x_0}) (EConst 1),EAssert (EConst (UniConst Bool True))]