Program (Statements [ELet (UniVar {_uniVarUni = Bool, _uniVarVar = ?bool_0}) (EConst (UniConst Bool True)),ELet (UniVar {_uniVarUni = Field, _uniVarVar = field'_1}) (EConst 1),ELet (UniVar {_uniVarUni = Vector, _uniVarVar = #vector_2}) (EConst (UniConst Vector [True]))])