[ELet (Var "zero") (EConst (Some 0)),ELet (Var "one") (EConst (Some 1)),ELet (Var "two") (EConst (Some 2)),ELet (Var "half") (EConst (Some (1 / 2))),ELet (Var "third") (EConst (Some (1 / 3)))]