Program (Statements [ELet (Var "x") (EConst (Some (1 / 2)))])