Program [EFor (Var "i") 0 100 (Program [EAssert (EConst (Some (UniConst Bool True)))]),EAssert (EConst (Some (UniConst Bool True)))]