11-everything.field:25:16:
   |
25 | let ?let = let i = 3; T;
   |                ^
keyword "let" cannot be an identifier
